// Jest Snapshot v1, https://goo.gl/fbAQLP

exports[`renders correctly 1`] = `
<div
  className="container"
>
  <main>
    <h1
      className="title"
    >
      Good afternoon!
    </h1>
    <p
      className="description"
    >
      Hope you're having a chilled Friday
    </p>
    <p
      className="intro"
    >
      I'm Joe, a software engineer at 
      <strong>
        <a
          className="plainlink"
          href="https://www.yld.io/"
          target="_blank"
        >
          YLD
        </a>
      </strong>
       🧑‍💻
      <br />
      Passionate about open source, best practices, and environmental issues.
    </p>
    <div
      className="grid"
    >
      <a
        className="card"
        href="/work"
      >
        <h3>
          Work History →
        </h3>
        <p>
          Check out what I've been up to since I graduated
        </p>
      </a>
      <a
        className="card"
        href="/education"
      >
        <h3>
          Education →
        </h3>
        <p>
          Grades, subjects, and cheap noodles
        </p>
      </a>
    </div>
  </main>
</div>
`;
